
> kameo-frontend@0.0.0 build
> vite build

[36mvite v5.4.21 [32mbuilding for production...[36m[39m
transforming...
[32mΓ£ô[39m 1351 modules transformed.
x Build failed in 4.67s
error during build:
src/App.jsx (4:31): "Tool" is not exported by "node_modules/lucide-react/dist/esm/lucide-react.js", imported by "src/App.jsx".
file: C:/Users/Administrator/Desktop/K/frontend/src/App.jsx:4:31

2: import { 
3:   Grid, ShoppingCart, Package, Layers, FileText, Truck, 
4:   Users, Settings, CreditCard, Tool, X, Menu, Bell, Plus, 
                                  ^
5:   DollarSign, Box, AlertTriangle, ArrowUpRight, Image as ImageIcon,
6:   Edit2, Trash2, LogOut, UserPlus

    at getRollupError (file:///C:/Users/Administrator/Desktop/K/frontend/node_modules/rollup/dist/es/shared/parseAst.js:406:41)
    at error (file:///C:/Users/Administrator/Desktop/K/frontend/node_modules/rollup/dist/es/shared/parseAst.js:402:42)
    at Module.error (file:///C:/Users/Administrator/Desktop/K/frontend/node_modules/rollup/dist/es/shared/node-entry.js:17380:16)
    at Module.traceVariable (file:///C:/Users/Administrator/Desktop/K/frontend/node_modules/rollup/dist/es/shared/node-entry.js:17813:29)
    at ModuleScope.findVariable (file:///C:/Users/Administrator/Desktop/K/frontend/node_modules/rollup/dist/es/shared/node-entry.js:15403:39)
    at FunctionScope.findVariable (file:///C:/Users/Administrator/Desktop/K/frontend/node_modules/rollup/dist/es/shared/node-entry.js:5676:38)
    at FunctionBodyScope.findVariable (file:///C:/Users/Administrator/Desktop/K/frontend/node_modules/rollup/dist/es/shared/node-entry.js:5676:38)
    at Identifier.bind (file:///C:/Users/Administrator/Desktop/K/frontend/node_modules/rollup/dist/es/shared/node-entry.js:5450:40)
    at CallExpression.bind (file:///C:/Users/Administrator/Desktop/K/frontend/node_modules/rollup/dist/es/shared/node-entry.js:2828:28)
    at CallExpression.bind (file:///C:/Users/Administrator/Desktop/K/frontend/node_modules/rollup/dist/es/shared/node-entry.js:12512:15)
